[2025-12-20T07:14:06.989Z] Authorize called for: aatishsingh0912@gmail.com
[2025-12-20T07:14:07.042Z] Total users in DB: 6
[2025-12-20T07:14:07.042Z] DB User: testuser_8039 (test9684@example.com) verified: false
[2025-12-20T07:14:07.043Z] DB User: testu_9675 (test6921@example.com) verified: false
[2025-12-20T07:14:07.043Z] DB User: testu_4894 (test4596@example.com) verified: false
[2025-12-20T07:14:07.043Z] DB User: aatish (aatishsinghdbs@gmail.com) verified: true
[2025-12-20T07:14:07.044Z] DB User: harsh (noteshubbca2022@gmail.com) verified: false
[2025-12-20T07:14:07.044Z] DB User: lastdummy (virendraphp19@gmail.com) verified: true
[2025-12-20T07:14:07.044Z] Searching for user: aatishsingh0912@gmail.com
[2025-12-20T07:14:07.086Z] Error: User not found for aatishsingh0912@gmail.com
[2025-12-20T07:14:07.087Z] Authorize Catch: No user found with this email
[2025-12-20T07:14:14.318Z] Authorize called for: aatish
[2025-12-20T07:14:14.368Z] Total users in DB: 6
[2025-12-20T07:14:14.369Z] DB User: testuser_8039 (test9684@example.com) verified: false
[2025-12-20T07:14:14.369Z] DB User: testu_9675 (test6921@example.com) verified: false
[2025-12-20T07:14:14.369Z] DB User: testu_4894 (test4596@example.com) verified: false
[2025-12-20T07:14:14.370Z] DB User: aatish (aatishsinghdbs@gmail.com) verified: true
[2025-12-20T07:14:14.370Z] DB User: harsh (noteshubbca2022@gmail.com) verified: false
[2025-12-20T07:14:14.370Z] DB User: lastdummy (virendraphp19@gmail.com) verified: true
[2025-12-20T07:14:14.370Z] Searching for user: aatish
[2025-12-20T07:14:14.426Z] User found: aatish, isVerified: true
[2025-12-20T07:14:14.789Z] Password check for aatish: Success
